[36mvite v7.1.4 [32mbuilding for production...[36m[39m
transforming...
[32mΓ£ô[39m 2882 modules transformed.
node.exe : 
[31mΓ£ù[39m Build 
failed in 9.18s
At line:1 char:1
+ & "C:\Program Files
\nodejs/node.exe" 
"C:\Program 
Files\nodejs/node_mo 
...
+ ~~~~~~~~~~~~~~~~~~~
~~~~~~~~~~~~~~~~~~~~~
~~~~~~~~~~~~~~~~~~~~~
~~~~~~~~
    + CategoryInfo   
           : NotSpe  
  cified: ([31mΓ£   
 ù[39m Build fai    
led in 9.18s:Str    
ing) [], RemoteE    
xception
    + FullyQualified 
   ErrorId : Native  
  CommandError
 
[31merror during 
build:
[31msrc/pages/Login.
jsx (12:9): "Card" 
is not exported by "s
rc/components/ui/Card
.jsx", imported by "s
rc/pages/Login.jsx".
[31m
file: [36mC:/jeewanj
yoti-care/src/pages/L
ogin.jsx:12:9[31m
[33m
10: import { Input } 
from '../components/u
i/Input'
11: import { Card, 
CardContent } from '.
./components/ui/Card'
12: import { motion, 
AnimatePresence } 
from 'framer-motion'
             ^
13: 
14: function Login() 
{
[31m
    at 
getRollupError (file:
///C:/jeewanjyoti-car
e/node_modules/rollup
/dist/es/shared/parse
Ast.js:401:41)
    at error (file://
/C:/jeewanjyoti-care/
node_modules/rollup/d
ist/es/shared/parseAs
t.js:397:42)
    at Module.error (
file:///C:/jeewanjyot
i-care/node_modules/r
ollup/dist/es/shared/
node-entry.js:16915:1
6)
    at 
Module.traceVariable 
(file:///C:/jeewanjyo
ti-care/node_modules/
rollup/dist/es/shared
/node-entry.js:17367:
29)
    at ModuleScope.fi
ndVariable (file:///C
:/jeewanjyoti-care/no
de_modules/rollup/dis
t/es/shared/node-entr
y.js:15037:39)
    at FunctionScope.
findVariable (file://
/C:/jeewanjyoti-care/
node_modules/rollup/d
ist/es/shared/node-en
try.js:5626:38)
    at FunctionBodySc
ope.findVariable (fil
e:///C:/jeewanjyoti-c
are/node_modules/roll
up/dist/es/shared/nod
e-entry.js:5626:38)
    at 
Identifier.bind (file
:///C:/jeewanjyoti-ca
re/node_modules/rollu
p/dist/es/shared/node
-entry.js:5400:40)
    at 
CallExpression.bind (
file:///C:/jeewanjyot
i-care/node_modules/r
ollup/dist/es/shared/
node-entry.js:2787:28
)
    at 
CallExpression.bind (
file:///C:/jeewanjyot
i-care/node_modules/r
ollup/dist/es/shared/
node-entry.js:12066:1
5)[39m
